// Jest Snapshot v1, https://goo.gl/fbAQLP

exports[`<App /> <App /> renders correctly 1`] = `
<div
  className="sc-cxpSdN iqPA-df"
>
  <div
    className="sc-llYSUQ OtxLW"
  >
    <a
      href="/"
      onClick={[Function]}
    >
      <h1
        className="sc-iJKOTD cjRyIG"
      >
        Supreme Repo Finder
      </h1>
    </a>
  </div>
  <div
    className="sc-bqiRlB dtxFRl"
  >
    <form
      className="sc-bdvvtL jcpPon"
      onSubmit={[Function]}
    >
      <input
        aria-label="Search for GitHub repositories"
        className="sc-gsDKAQ ibryMM"
        onChange={[Function]}
        placeholder="Search for GitHub repositories"
        type="search"
        value=""
      />
      <input
        className="sc-dkPtRN PqHbV"
        disabled={true}
        type="submit"
        value="Search"
      />
    </form>
    <ul
      className="sc-furwcr RmOMa"
    />
  </div>
</div>
`;
